[0.023s][info][gc] Using Serial
[7.362s][info][gc] GC(0) Pause Young (Allocation Failure) 4M->2M(15M) 6.600ms
[9.562s][info][gc] GC(1) Pause Young (Allocation Failure) 6M->3M(15M) 8.238ms
[41.083s][info][gc] GC(2) Pause Young (Allocation Failure) 7M->3M(15M) 3.634ms
[67.928s][info][gc] GC(3) Pause Young (Allocation Failure) 7M->3M(15M) 2.577ms
[68.038s][info][gc] GC(4) Pause Young (Allocation Failure) 8M->5M(15M) 7.071ms
[68.081s][info][gc] GC(5) Pause Young (Allocation Failure) 9M->7M(15M) 5.348ms
[68.120s][info][gc] GC(6) Pause Young (Allocation Failure) 11M->8M(15M) 6.531ms
[68.159s][info][gc] GC(7) Pause Young (Allocation Failure) 13M->13M(15M) 0.067ms
[68.190s][info][gc] GC(8) Pause Full (Allocation Failure) 13M->6M(15M) 31.132ms
[68.234s][info][gc] GC(9) Pause Young (Allocation Failure) 11M->8M(15M) 7.127ms
[68.278s][info][gc] GC(10) Pause Young (Allocation Failure) 13M->13M(15M) 0.067ms
[68.302s][info][gc] GC(11) Pause Full (Allocation Failure) 13M->5M(15M) 23.797ms
[68.332s][info][gc] GC(12) Pause Young (Allocation Failure) 9M->7M(15M) 6.266ms
[89.170s][info][gc] GC(13) Pause Young (Allocation Failure) 12M->8M(15M) 3.697ms
[129.223s][info][gc] GC(14) Pause Young (Allocation Failure) 12M->7M(15M) 0.898ms
[171.285s][info][gc] GC(15) Pause Young (Allocation Failure) 12M->7M(15M) 0.508ms
[206.295s][info][gc] GC(16) Pause Young (Allocation Failure) 12M->8M(15M) 1.081ms
[206.349s][info][gc] GC(17) Pause Young (Allocation Failure) 12M->10M(15M) 7.045ms
[206.371s][info][gc] GC(18) Pause Young (Allocation Failure) 14M->14M(15M) 0.065ms
[206.404s][info][gc] GC(19) Pause Full (Allocation Failure) 14M->6M(15M) 32.981ms
[206.434s][info][gc] GC(20) Pause Young (Allocation Failure) 11M->8M(15M) 6.912ms
[206.464s][info][gc] GC(21) Pause Young (Allocation Failure) 13M->13M(15M) 0.075ms
[206.491s][info][gc] GC(22) Pause Full (Allocation Failure) 13M->5M(15M) 26.459ms
[206.524s][info][gc] GC(23) Pause Young (Allocation Failure) 9M->7M(15M) 6.023ms
[206.547s][info][gc] GC(24) Pause Young (Allocation Failure) 11M->9M(15M) 6.162ms
[206.561s][info][gc] GC(25) Pause Young (Allocation Failure) 13M->13M(15M) 0.068ms
[206.589s][info][gc] GC(26) Pause Full (Allocation Failure) 13M->6M(15M) 28.040ms
[224.368s][info][gc] GC(27) Pause Young (Allocation Failure) 10M->7M(15M) 4.412ms
[264.435s][info][gc] GC(28) Pause Young (Allocation Failure) 11M->7M(15M) 0.819ms
[289.234s][info][gc] GC(29) Pause Young (Allocation Failure) 11M->8M(15M) 2.315ms
[289.248s][info][gc] GC(30) Pause Young (Allocation Failure) 12M->9M(15M) 4.702ms
[289.257s][info][gc] GC(31) Pause Young (Allocation Failure) 14M->14M(15M) 0.064ms
[289.286s][info][gc] GC(32) Pause Full (Allocation Failure) 14M->6M(15M) 28.561ms
[289.303s][info][gc] GC(33) Pause Young (Allocation Failure) 10M->8M(15M) 6.604ms
[289.318s][info][gc] GC(34) Pause Young (Allocation Failure) 12M->9M(15M) 4.831ms
[289.327s][info][gc] GC(35) Pause Young (Allocation Failure) 14M->14M(15M) 0.082ms
[289.354s][info][gc] GC(36) Pause Full (Allocation Failure) 14M->6M(15M) 26.577ms
[289.369s][info][gc] GC(37) Pause Young (Allocation Failure) 10M->8M(15M) 6.365ms
[289.379s][info][gc] GC(38) Pause Young (Allocation Failure) 12M->12M(15M) 0.069ms
[289.405s][info][gc] GC(39) Pause Full (Allocation Failure) 12M->5M(15M) 25.464ms
[318.092s][info][gc] GC(40) Pause Young (Allocation Failure) 9M->5M(15M) 2.782ms
